// Jest Snapshot v1, https://goo.gl/fbAQLP

exports[`Text Field renders correctly 1`] = `[Function]`;
